.0[0m
[0;32mI (250) heap_init: Inï¿½ets Jul 29 2019 12:21:46

rst:0x1 (POWERON_RESET),boot:0x13 (SPI_FAST_FLASH_BOOT)
configsip: 0, SPIWP:0xee
clk_drv:0x00,q_drv:0x00,d_drv:0x00,cs0_drv:0x00,hd_drv:0x00,wp_drv:0x00
mode:DIO, clock div:2
load:0x3fff0030,len:7140
load:0x40078000,len:15696
ho 0 tail 12 room 4
load:0x40080400,len:4
load:0x40080404,len:3944
entry 0x4008065c
[0;32mI (31) boot: ESP-IDF v5.2-dev-3318-g8fc8f3f479-dirty 2nd stage bootloader[0m
[0;32mI (31) boot: compile time Nov 14 2023 11:56:18[0m
[0;32mI (33) boot: Multicore bootloader[0m
[0;32mI (38) boot: chip revision: v3.0[0m
[0;32mI (41) boot.esp32: SPI Speed      : 40MHz[0m
[0;32mI (46) boot.esp32: SPI Mode       : DIO[0m
[0;32mI (51) boot.esp32: SPI Flash Size : 2MB[0m
[0;32mI (55) boot: Enabling RNG early entropy source...[0m
[0;32mI (61) boot: Partition Table:[0m
[0;32mI (64) boot: ## Label            Usage          Type ST Offset   Length[0m
[0;32mI (71) boot:  0 nvs              WiFi data        01 02 00009000 00006000[0m
[0;32mI (79) boot:  1 phy_init         RF data          01 01 0000f000 00001000[0m
[0;32mI (86) boot:  2 factory          factory app      00 00 00010000 00100000[0m
[0;32mI (94) boot: End of partition table[0m
[0;32mI (98) esp_image: segment 0: paddr=00010020 vaddr=3f400020 size=09a34h ( 39476) map[0m
[0;32mI (121) esp_image: segment 1: paddr=00019a5c vaddr=3ffb0000 size=02118h (  8472) load[0m
[0;32mI (124) esp_image: segment 2: paddr=0001bb7c vaddr=40080000 size=0449ch ( 17564) load[0m
[0;32mI (134) esp_image: segment 3: paddr=00020020 vaddr=400d0020 size=1424ch ( 82508) map[0m
[0;32mI (165) esp_image: segment 4: paddr=00034274 vaddr=4008449c size=07b74h ( 31604) load[0m
[0;32mI (184) boot: Loaded app from partition at offset 0x10000[0m
[0;32mI (184) boot: Disabling RNG early entropy source...[0m
[0;32mI (196) cpu_start: Multicore app[0m
[0;32mI (205) cpu_start: Pro cpu start user code[0m
[0;32mI (205) cpu_start: cpu freq: 160000000 Hz[0m
[0;32mI (205) cpu_start: Application information:[0m
[0;32mI (208) cpu_start: Project name:     app-template[0m
[0;32mI (213) cpu_start: App version:      1[0m
[0;32mI (217) cpu_start: Compile time:     Nov 14 2023 11:56:16[0m
[0;32mI (224) cpu_start: ELF file SHA256:  6d8407128...[0m
[0;32mI (229) cpu_start: ESP-IDF:          v5.2-dev-3318-g8fc8f3f479-dirty[0m
[0;32mI (236) cpu_start: Min chip rev:     v0.0[0m
[0;32mI (241) cpu_start: Max chip rev:     v3.99 [0m
[0;32mI (246) cpu_start: Chip rev:         v3.0[0m
[0;32mI (250) heap_init: Initializing. RAM available for dynamic allocation:[0m
[0;32mI (258) heap_init: At 3FFAE6E0 len 00001920 (6 KiB): DRAM[0m
[0;32mI (264) heap_init: At 3FFB2970 len 0002D690 (181 KiB): DRAM[0m
[0;32mI (270) heap_init: At 3FFE0440 len 00003AE0 (14 KiB): D/IRAM[0m
[0;32mI (276) heap_init: At 3FFE4350 len 0001BCB0 (111 KiB): D/IRAM[0m
[0;32mI (283) heap_init: At 4008C010 len 00013FF0 (79 KiB): IRAM[0m
[0;32mI (290) spi_flash: detected chip: generic[0m
[0;32mI (293) spi_flash: flash io: dio[0m
[0;33mW (297) spi_flash: Detected size(4096k) larger than the size in the binary image header(2048k). Using the size in the binary image header.[0m
[0;32mI (311) main_task: Started on CPU0[0m
[0;32mI (321) main_task: Calling app_main()[0m
[0;32mI (321) gpio: GPIO[2]| InputEn: 0| OutputEn: 0| OpenDrain: 0| Pullup: 1| Pulldown: 0| Intr:0 [0m
[0;32mI (321) gpio: GPIO[4]| InputEn: 0| OutputEn: 0| OpenDrain: 0| Pullup: 1| Pulldown: 0| Intr:0 [0m
on
off
on
off
on
off
on
off
on
off
on
off
on
off
on
off
on
off
on
off
on
off
on
off
on
off
on
off
on
off
on
off
on
off
on
