ion information:[0m
[0ï¿½ets Jul 29 2019 12:21:46

rst:0x1 (POWERON_RESET),boot:0x13 (SPI_FAST_FLASH_BOOT)
configsip: 0, SPIWP:0xee
clk_drv:0x00,q_drv:0x00,d_drv:0x00,cs0_drv:0x00,hd_drv:0x00,wp_drv:0x00
mode:DIO, clock div:2
load:0x3fff0030,len:7140
load:0x40078000,len:15696
ho 0 tail 12 room 4
load:0x40080400,len:4
load:0x40080404,len:3944
entry 0x4008065c
[0;32mI (31) boot: ESP-IDF v5.2-dev-3318-g8fc8f3f479-dirty 2nd stage bootloader[0m
[0;32mI (31) boot: compile time Nov 14 2023 11:09:34[0m
[0;32mI (33) boot: Multicore bootloader[0m
[0;32mI (38) boot: chip revision: v3.0[0m
[0;32mI (41) boot.esp32: SPI Speed      : 40MHz[0m
[0;32mI (46) boot.esp32: SPI Mode       : DIO[0m
[0;32mI (51) boot.esp32: SPI Flash Size : 2MB[0m
[0;32mI (55) boot: Enabling RNG early entropy source...[0m
[0;32mI (61) boot: Partition Table:[0m
[0;32mI (64) boot: ## Label            Usage          Type ST Offset   Length[0m
[0;32mI (71) boot:  0 nvs              WiFi data        01 02 00009000 00006000[0m
[0;32mI (79) boot:  1 phy_init         RF data          01 01 0000f000 00001000[0m
[0;32mI (86) boot:  2 factory          factory app      00 00 00010000 00100000[0m
[0;32mI (94) boot: End of partition table[0m
[0;32mI (98) esp_image: segment 0: paddr=00010020 vaddr=3f400020 size=0afc0h ( 44992) map[0m
[0;32mI (123) esp_image: segment 1: paddr=0001afe8 vaddr=3ffb0000 size=0217ch (  8572) load[0m
[0;32mI (126) esp_image: segment 2: paddr=0001d16c vaddr=40080000 size=02each ( 11948) load[0m
[0;32mI (134) esp_image: segment 3: paddr=00020020 vaddr=400d0020 size=164d4h ( 91348) map[0m
[0;32mI (170) esp_image: segment 4: paddr=000364fc vaddr=40082eac size=0a874h ( 43124) load[0m
[0;32mI (195) boot: Loaded app from partition at offset 0x10000[0m
[0;32mI (195) boot: Disabling RNG early entropy source...[0m
[0;32mI (206) cpu_start: Multicore app[0m
[0;32mI (215) cpu_start: Pro cpu start user code[0m
[0;32mI (215) cpu_start: cpu freq: 160000000 Hz[0m
[0;32mI (215) cpu_start: Application information:[0m
[0;32mI (218) cpu_start: Project name:     app-template[0m
[0;32mI (224) cpu_start: App version:      1[0m
[0;32mI (228) cpu_start: Compile time:     Nov 14 2023 11:10:36[0m
[0;32mI (234) cpu_start: ELF file SHA256:  05cb57447...[0m
[0;32mI (240) cpu_start: ESP-IDF:          v5.2-dev-3318-g8fc8f3f479-dirty[0m
[0;32mI (247) cpu_start: Min chip rev:     v0.0[0m
[0;32mI (251) cpu_start: Max chip rev:     v3.99 [0m
[0;32mI (256) cpu_start: Chip rev:         v3.0[0m
[0;32mI (261) heap_init: Initializing. RAM available for dynamic allocation:[0m
[0;32mI (268) heap_init: At 3FFAE6E0 len 00001920 (6 KiB): DRAM[0m
[0;32mI (274) heap_init: At 3FFB2A08 len 0002D5F8 (181 KiB): DRAM[0m
[0;32mI (280) heap_init: At 3FFE0440 len 00003AE0 (14 KiB): D/IRAM[0m
[0;32mI (287) heap_init: At 3FFE4350 len 0001BCB0 (111 KiB): D/IRAM[0m
[0;32mI (293) heap_init: At 4008D720 len 000128E0 (74 KiB): IRAM[0m
[0;32mI (301) spi_flash: detected chip: generic[0m
[0;32mI (304) spi_flash: flash io: dio[0m
[0;33mW (308) spi_flash: Detected size(4096k) larger than the size in the binary image header(2048k). Using the size in the binary image header.[0m
[0;33mW (321) i2c: This driver is an old driver, please migrate your application code to adapt `driver/i2c_master.h`[0m
[0;32mI (332) main_task: Started on CPU0[0m
[0;32mI (342) main_task: Calling app_main()[0m
[0;32mI (342) gpio: GPIO[2]| InputEn: 0| OutputEn: 0| OpenDrain: 0| Pullup: 1| Pulldï¿½r>ï¿½ï¿½r>ï¿½ï¿½r>ï¿½ï¿½rï¿½ï¿½ï¿½rï¿½ï¿½ï¿½rï¿½ï¿½ï¿½r0ï¿½rÌŒï¿½r0ï¿½rï¿½ï¿½r0ï¿½rï¿½ï¿½ï¿½r0ï¿½rï¿½bets Jul 29 2019 12:21:46

rst:0x1 (POWERON_RESET),boot:0x13 (SPI_FAST_FLASH_BOOT)
configsip: 0, SPIWP:0xee
clk_drv:0x00,q_drv:0x00,d_drv:0x00,cs0_drv:0x00,hd_drv:0x00,wp_drv:0x00
mode:DIO, clock div:2
load:0x3fff0030,len:7140
load:0x40078000,len:15696
ho 0 tail 12 room 4
load:0x40080400,len:4
load:0x40080404,len:3944
entry 0x4008065c
[0;32mI (31) boot: ESP-IDF v5.2-dev-3318-g8fc8f3f479-dirty 2nd stage bootloader[0m
[0;32mI (31) boot: compile time Nov 14 2023 11:09:34[0m
[0;32mI (33) boot: Multicore bootloader[0m
[0;32mI (38) boot: chip revision: v3.0[0m
[0;32mI (41) boot.esp32: SPI Speed      : 40MHz[0m
[0;32mI (46) boot.esp32: SPI Mode       : DIO[0m
[0;32mI (51) boot.esp32: SPI Flash Size : 2MB[0m
[0;32mI (55) boot: Enabling RNG early entropy source...[0m
[0;32mI (61) boot: Partition Table:[0m
[0;32mI (64) boot: ## Label            Usage          Type ST Offset   Length[0m
[0;32mI (71) boot:  0 nvs              WiFi data        01 02 00009000 00006000[0m
[0;32mI (79) boot:  1 phy_init         RF data          01 01 0000f000 00001000[0m
[0;32mI (86) boot:  2 factory          factory app      00 00 00010000 00100000[0m
[0;32mI (94) boot: End of partition table[0m
[0;32mI (98) esp_image: segment 0: paddr=00010020 vaddr=3f400020 size=0afc0h ( 44992) map[0m
[0;32mI (123) esp_image: segment 1: paddr=0001afe8 vaddr=3ffb0000 size=0217ch (  8572) load[0m
[0;32mI (126) esp_image: segment 2: paddr=0001d16c vaddr=40080000 size=02each ( 11948) load[0m
[0;32mI (134) esp_image: segment 3: paddr=00020020 vaddr=400d0020 size=164d4h ( 91348) map[0m
[0;32mI (170) esp_image: segment 4: paddr=000364fc vaddr=40082eac size=0a874h ( 43124) load[0m
[0;32mI (195) boot: Loaded app from partition at offset 0x10000[0m
[0;32mI (195) boot: Disabling RNG early entropy source...[0m
[0;32mI (206) cpu_start: Multicore app[0m
[0;32mI (215) cpu_start: Pro cpu start user code[0m
[0;32mI (215) cpu_start: cpu freq: 160000000 Hz[0m
[0;32mI (215) cpu_start: Application information:[0m
[0;32mI (218) cpu_start: Project name:     app-template[0m
[0;32mI (224) cpu_start: App version:      1[0m
[0;32mI (228) cpu_start: Compile time:     Nov 14 2023 11:10:36[0m
[0;32mI (234) cpu_start: ELF file SHA256:  05cb57447...[0m
[0;32mI (240) cpu_start: ESP-IDF:          v5.2-dev-3318-g8fc8f3f479-dirty[0m
[0;32mI (247) cpu_start: Min chip rev:     v0.0[0m
[0;32mI (251) cpu_start: Max chip rev:     v3.99 [0m
[0;32mI (256) cpu_start: Chip rev:         v3.0[0m
[0;32mI (261) heap_init: Initializing. RAM available for dynamic allocation:[0m
[0;32mI (268) heap_init: At 3FFAE6E0 len 00001920 (6 KiB): DRAM[0m
[0;32mI (274) heap_init: At 3FFB2A08 len 0002D5F8 (181 KiB): DRAM[0m
[0;32mI (280) heap_init: At 3FFE0440 len 00003AE0 (14 KiB): D/IRAM[0m
[0;32mI (287) heap_init: At 3FFE4350 len 0001BCB0 (111 KiB): D/IRAM[0m
[0;32mI (293) heap_init: At 4008D720 len 000128E0 (74 KiB): IRAM[0m
[0;32mI (301) spi_flash: detected chip: generic[0m
[0;32mI (304) spi_flash: flash io: dio[0m
[0;33mW (308) spi_flash: Detected size(4096k) larger than the size in the binary image header(2048k). Using the size in the binary image header.[0m
[0;33mW (321) i2c: This driver is an old driver, please migrate your application code to adapt `driver/i2c_master.h`[0m
[0;32mI (332) main_task: Started on CPU0[0m
[0;32mI (342) main_task: Calling app_main()[0m
[0;32mI (342) gpio: GPIO[2]| InputEn: 0| OutputEn: 0| OpenDrain: 0| Pullup: 1| Pulldï¿½r>ï¿½ï¿½r>ï¿½ï¿½r>ï¿½ï¿½rï¿½ï¿½ï¿½rï¿½ï¿½ï¿½rï¿½ï¿½ï¿½r0ï¿½rï¿½ï¿½r0ï¿½r<ï¿½r0ï¿½rï¿½ï¿½ï¿½r0ï¿½rï¿½bets Jul 29 2019 12:21:46

rst:0x1 (POWERON_RESET),boot:0x13 (SPI_FAST_FLASH_BOOT)
configsip: 0, SPIWP:0xee
clk_drv:0x00,q_drv:0x00,d_drv:0x00,cs0_drv:0x00,hd_drv:0x00,wp_drv:0x00
mode:DIO, clock div:2
load:0x3fff0030,len:7140
load:0x40078000,len:15696
ho 0 tail 12 room 4
load:0x40080400,len:4
load:0x40080404,len:3944
entry 0x4008065c
[0;32mI (31) boot: ESP-IDF v5.2-dev-3318-g8fc8f3f479-dirty 2nd stage bootloader[0m
[0;32mI (31) boot: compile time Nov 14 2023 11:09:34[0m
[0;32mI (33) boot: Multicore bootloader[0m
[0;32mI (38) boot: chip revision: v3.0[0m
[0;32mI (41) boot.esp32: SPI Speed      : 40MHz[0m
[0;32mI (46) boot.esp32: SPI Mode       : DIO[0m
[0;32mI (51) boot.esp32: SPI Flash Size : 2MB[0m
[0;32mI (55) boot: Enabling RNG early entropy source...[0m
[0;32mI (61) boot: Partition Table:[0m
[0;32mI (64) boot: ## Label            Usage          Type ST Offset   Length[0m
[0;32mI (71) boot:  0 nvs              WiFi data        01 02 00009000 00006000[0m
[0;32mI (79) boot:  1 phy_init         RF data          01 01 0000f000 00001000[0m
[0;32mI (86) boot:  2 factory          factory app      00 00 00010000 00100000[0m
[0;32mI (94) boot: End of partition table[0m
[0;32mI (98) esp_image: segment 0: paddr=00010020 vaddr=3f400020 size=0afc0h ( 44992) map[0m
[0;32mI (123) esp_image: segment 1: paddr=0001afe8 vaddr=3ffb0000 size=0217ch (  8572) load[0m
[0;32mI (126) esp_image: segment 2: paddr=0001d16c vaddr=40080000 size=02each ( 11948) load[0m
[0;32mI (134) esp_image: segment 3: paddr=00020020 vaddr=400d0020 size=164d4h ( 91348) map[0m
[0;32mI (170) esp_image: segment 4: paddr=000364fc vaddr=40082eac size=0a874h ( 43124) load[0m
[0;32mI (195) boot: Loaded app from partition at offset 0x10000[0m
[0;32mI (195) boot: Disabling RNG early entropy source...[0m
[0;32mI (206) cpu_start: Multicore app[0m
[0;32mI (215) cpu_start: Pro cpu start user code[0m
[0;32mI (215) cpu_start: cpu freq: 160000000 Hz[0m
[0;32mI (215) cpu_start: Application information:[0m
[0;32mI (218) cpu_start: Project name:     app-template[0m
[0;32mI (224) cpu_start: App version:      1[0m
[0;32mI (228) cpu_start: Compile time:     Nov 14 2023 11:10:36[0m
[0;32mI (234) cpu_start: ELF file SHA256:  05cb57447...[0m
[0;32mI (240) cpu_start: ESP-IDF:          v5.2-dev-3318-g8fc8f3f479-dirty[0m
[0;32mI (247) cpu_start: Min chip rev:     v0.0[0m
[0;32mI (251) cpu_start: Max chip rev:     v3.99 [0m
[0;32mI (256) cpu_start: Chip rev:         v3.0[0m
[0;32mI (261) heap_init: Initializing. RAM available for dynamic allocation:[0m
[0;32mI (268) heap_init: At 3FFAE6E0 len 00001920 (6 KiB): DRAM[0m
[0;32mI (274) heap_init: At 3FFB2A08 len 0002D5F8 (181 KiB): DRAM[0m
[0;32mI (280) heap_init: At 3FFE0440 len 00003AE0 (14 KiB): D/IRAM[0m
[0;32mI (287) heap_init: At 3FFE4350 len 0001BCB0 (111 KiB): D/IRAM[0m
[0;32mI (293) heap_init: At 4008D720 len 000128E0 (74 KiB): IRAM[0m
[0;32mI (301) spi_flash: detected chip: generic[0m
[0;32mI (304) spi_flash: flash io: dio[0m
[0;33mW (308) spi_flash: Detected size(4096k) larger than the size in the binary image header(2048k). Using the size in the binary image header.[0m
[0;33mW (321) i2c: This driver is an old driver, please migrate your application code to adapt `driver/i2c_master.h`[0m
[0;32mI (332) main_task: Started on CPU0[0m
[0;32mI (342) main_task: Calling app_main()[0m
[0;32mI (342) gpio: GPIO[2]| InputEn: 0| OutputEn: 0| OpenDrain: 0| Pullup: 1| Pulldï¿½r>ï¿½ï¿½r>ï¿½ï¿½r>ï¿½ï¿½rï¿½ï¿½ï¿½rï¿½ï¿½ï¿½rï¿½ï¿½ï¿½r0ï¿½rï¿½ï¿½ï¿½r0ï¿½r<ï¿½r0ï¿½rï¿½ï¿½ï¿½r0